
> quran-school-frontend@1.0.0 build
> next build

node.exe : ΓÜá 
`eslint` 
configuration in 
next.config.js is no 
longer supported. 
See more info here: h
ttps://nextjs.org/doc
s/app/api-reference/c
li/next#next-lint-opt
ions
Au caractère Ligne:1 
: 1
+ & "C:\Program Files
\nodejs/node.exe" 
"C:\Program 
Files\nodejs/node_mo 
...
+ ~~~~~~~~~~~~~~~~~~~
~~~~~~~~~~~~~~~~~~~~~
~~~~~~~~~~~~~~~~~~~~~
~~~~~~~~
    + CategoryInfo   
           : NotSpe  
  cified: (ΓÜá `es   
 lint` co...xt-li    
nt-options:Strin    
g) [], RemoteExc    
eption
    + FullyQualified 
   ErrorId : Native  
  CommandError
 
ΓÜá Invalid 
next.config.js 
options detected: 
ΓÜá     Unrecognized 
key(s) in object: 
'eslint'
ΓÜá See more info 
here: https://nextjs.
org/docs/messages/inv
alid-next-config
Γû▓ Next.js 16.1.6 (Turbopack)
- Environments: .env.local, .env.production

  Creating an optimized production build ...
Γ£ô Compiled successfully in 8.3s
  Running TypeScript ...
Failed to compile.

./src/app/dashboard/m
osque/donations/page.
tsx:62:29
Type error: Property 
'getRecords' does 
not exist on type '{ 
getCampaigns: () => P
romise<AxiosResponse<
any, any, {}>>; 
getCampaignById: 
(id: string) => Promi
se<AxiosResponse<any,
 any, {}>>; createChe
ckoutSession: 
(campaignId: string, 
amount: number, 
isAnonymous: 
boolean) => 
Promise<...>; }'.

[0m [90m 60 |[39m 
            
[36mconst[39m 
[campRes[33m,[39m 
recRes] [33m=[39m 
[36mawait[39m [33m
Promise[39m[33m.[3
9mall([
 [90m 61 |[39m     
            donationA
pi[33m.[39mgetCampa
igns()[33m,[39m
[31m[1m>[22m[39m
[90m 62 |[39m       
          donationApi
[33m.[39mgetRecords
()
 [90m    |[39m     
                     
   
[31m[1m^[22m[39m
 [90m 63 |[39m     
        ])[33m;[39m
 [90m 64 |[39m     
        setCampaignsL
ist(campRes[33m.[39
mdata)[33m;[39m
 [90m 65 |[39m[0m
Next.js build worker 
exited with code: 1 
and signal: null
