src/app/dashboard/exams/[id]/session/ExamSessionClient.tsx(61,62): error TS2339: Property 'getVerses' does not exist on type '{ getSurahs: () => Promise<AxiosResponse<SurahResponse[], any, {}>>; getSurah: (id: string) => Promise<AxiosResponse<SurahResponse, any, {}>>; getSettings: () => Promise<...>; }'.
src/app/dashboard/homework/[id]/HomeworkDetailsClient.tsx(39,47): error TS2339: Property 'getAssignmentById' does not exist on type '{ getAll: () => Promise<AxiosResponse<any, any, {}>>; getById: (id: string) => Promise<AxiosResponse<any, any, {}>>; getByTeacher: () => Promise<...>; getMyAssignments: () => Promise<...>; create: (data: any) => Promise<...>; update: (id: string, data: any) => Promise<...>; delete: (id: string) => Promise<...>; }'.
src/app/dashboard/homework/[id]/HomeworkDetailsClient.tsx(46,51): error TS2551: Property 'getAssignments' does not exist on type '{ getAll: () => Promise<AxiosResponse<any, any, {}>>; getById: (id: string) => Promise<AxiosResponse<any, any, {}>>; getByTeacher: () => Promise<...>; getMyAssignments: () => Promise<...>; create: (data: any) => Promise<...>; update: (id: string, data: any) => Promise<...>; delete: (id: string) => Promise<...>; }'. Did you mean 'getMyAssignments'?
src/app/dashboard/homework/[id]/HomeworkDetailsClient.tsx(58,31): error TS2339: Property 'submitAssignment' does not exist on type '{ getAll: () => Promise<AxiosResponse<any, any, {}>>; getById: (id: string) => Promise<AxiosResponse<any, any, {}>>; getByTeacher: () => Promise<...>; getMyAssignments: () => Promise<...>; create: (data: any) => Promise<...>; update: (id: string, data: any) => Promise<...>; delete: (id: string) => Promise<...>; }'.
src/app/dashboard/homework/[id]/HomeworkDetailsClient.tsx(73,31): error TS2339: Property 'gradeAssignment' does not exist on type '{ getAll: () => Promise<AxiosResponse<any, any, {}>>; getById: (id: string) => Promise<AxiosResponse<any, any, {}>>; getByTeacher: () => Promise<...>; getMyAssignments: () => Promise<...>; create: (data: any) => Promise<...>; update: (id: string, data: any) => Promise<...>; delete: (id: string) => Promise<...>; }'.
src/app/dashboard/mosque/donations/page.tsx(62,29): error TS2339: Property 'getRecords' does not exist on type '{ getCampaigns: () => Promise<AxiosResponse<any, any, {}>>; getCampaignById: (id: string) => Promise<AxiosResponse<any, any, {}>>; createCheckoutSession: (campaignId: string, amount: number, isAnonymous: boolean) => Promise<...>; }'.
src/app/dashboard/parents/page.tsx(37,24): error TS2345: Argument of type 'UserResponse[]' is not assignable to parameter of type 'SetStateAction<ParentResponse[]>'.
  Type 'UserResponse[]' is not assignable to type 'ParentResponse[]'.
    Type 'UserResponse' is missing the following properties from type 'ParentResponse': hasUserAccount, linkedStudentsCount
src/app/dashboard/teachers/page.tsx(65,31): error TS2339: Property 'create' does not exist on type '{ getAll: () => Promise<AxiosResponse<UserResponse[], any, {}>>; getTeachers: () => Promise<AxiosResponse<UserResponse[], any, {}>>; ... 4 more ...; delete: (id: string) => Promise<...>; }'.
src/app/dashboard/users/page.tsx(175,31): error TS2339: Property 'create' does not exist on type '{ getAll: () => Promise<AxiosResponse<UserResponse[], any, {}>>; getTeachers: () => Promise<AxiosResponse<UserResponse[], any, {}>>; ... 4 more ...; delete: (id: string) => Promise<...>; }'.
src/app/login/page.tsx(22,57): error TS2554: Expected 1 arguments, but got 2.
