  Determining projects to restore...
  All projects are up-to-date for restore.
  QuranSchool.Domain -> C:\Users\aminc\.gemini\antigravity\scratch\quran-school-saas\backend\src\QuranSchool.Domain\bin\Debug\net8.0\QuranSchool.Domain.dll
  QuranSchool.Application -> C:\Users\aminc\.gemini\antigravity\scratch\quran-school-saas\backend\src\QuranSchool.Application\bin\Debug\net8.0\QuranSchool.Application.dll
  QuranSchool.Infrastructure -> C:\Users\aminc\.gemini\antigravity\scratch\quran-school-saas\backend\src\QuranSchool.Infrastructure\bin\Debug\net8.0\QuranSchool.Infrastructure.dll
C:\Users\aminc\.gemini\antigravity\scratch\quran-school-saas\backend\src\QuranSchool.Api\Controllers\StaffController.cs(18,22): error CS0246: The type or namespace name 'ICurrentUserService' could not be found (are you missing a using directive or an assembly reference?) [C:\Users\aminc\.gemini\antigravity\scratch\quran-school-saas\backend\src\QuranSchool.Api\QuranSchool.Api.csproj]
C:\Users\aminc\.gemini\antigravity\scratch\quran-school-saas\backend\src\QuranSchool.Api\Controllers\StaffController.cs(20,56): error CS0246: The type or namespace name 'ICurrentUserService' could not be found (are you missing a using directive or an assembly reference?) [C:\Users\aminc\.gemini\antigravity\scratch\quran-school-saas\backend\src\QuranSchool.Api\QuranSchool.Api.csproj]

Build FAILED.

C:\Users\aminc\.gemini\antigravity\scratch\quran-school-saas\backend\src\QuranSchool.Api\Controllers\StaffController.cs(18,22): error CS0246: The type or namespace name 'ICurrentUserService' could not be found (are you missing a using directive or an assembly reference?) [C:\Users\aminc\.gemini\antigravity\scratch\quran-school-saas\backend\src\QuranSchool.Api\QuranSchool.Api.csproj]
C:\Users\aminc\.gemini\antigravity\scratch\quran-school-saas\backend\src\QuranSchool.Api\Controllers\StaffController.cs(20,56): error CS0246: The type or namespace name 'ICurrentUserService' could not be found (are you missing a using directive or an assembly reference?) [C:\Users\aminc\.gemini\antigravity\scratch\quran-school-saas\backend\src\QuranSchool.Api\QuranSchool.Api.csproj]
    0 Warning(s)
    2 Error(s)

Time Elapsed 00:00:02.22
