  Identification des projets ├á restaurer...
  Tous les projets sont ├á jour pour la restauration.
  QuranSchool.Domain -> C:\Users\aminc\.gemini\antigravity\scratch\quran-school-saas\backend\src\QuranSchool.Domain\bin\Debug\net8.0\QuranSchool.Domain.dll
  QuranSchool.Application -> C:\Users\aminc\.gemini\antigravity\scratch\quran-school-saas\backend\src\QuranSchool.Application\bin\Debug\net8.0\QuranSchool.Application.dll
C:\Users\aminc\.gemini\antigravity\scratch\quran-school-saas\backend\src\QuranSchool.Infrastructure\Seed\SeedData.cs(534,128): error CS0266: Impossible de convertir implicitement le type 'int' en 'QuranSchool.Domain.Enums.DayOfWeekEnum'. Une conversion explicite existe (un cast est-il manquant┬á?) [C:\Users\aminc\.gemini\antigravity\scratch\quran-school-saas\backend\src\QuranSchool.Infrastructure\QuranSchool.Infrastructure.csproj]
C:\Users\aminc\.gemini\antigravity\scratch\quran-school-saas\backend\src\QuranSchool.Infrastructure\Seed\SeedData.cs(534,143): error CS0029: Impossible de convertir implicitement le type 'string' en 'System.TimeOnly' [C:\Users\aminc\.gemini\antigravity\scratch\quran-school-saas\backend\src\QuranSchool.Infrastructure\QuranSchool.Infrastructure.csproj]
C:\Users\aminc\.gemini\antigravity\scratch\quran-school-saas\backend\src\QuranSchool.Infrastructure\Seed\SeedData.cs(534,162): error CS0029: Impossible de convertir implicitement le type 'string' en 'System.TimeOnly' [C:\Users\aminc\.gemini\antigravity\scratch\quran-school-saas\backend\src\QuranSchool.Infrastructure\QuranSchool.Infrastructure.csproj]
C:\Users\aminc\.gemini\antigravity\scratch\quran-school-saas\backend\src\QuranSchool.Infrastructure\Seed\SeedData.cs(535,128): error CS0266: Impossible de convertir implicitement le type 'int' en 'QuranSchool.Domain.Enums.DayOfWeekEnum'. Une conversion explicite existe (un cast est-il manquant┬á?) [C:\Users\aminc\.gemini\antigravity\scratch\quran-school-saas\backend\src\QuranSchool.Infrastructure\QuranSchool.Infrastructure.csproj]
C:\Users\aminc\.gemini\antigravity\scratch\quran-school-saas\backend\src\QuranSchool.Infrastructure\Seed\SeedData.cs(535,143): error CS0029: Impossible de convertir implicitement le type 'string' en 'System.TimeOnly' [C:\Users\aminc\.gemini\antigravity\scratch\quran-school-saas\backend\src\QuranSchool.Infrastructure\QuranSchool.Infrastructure.csproj]
C:\Users\aminc\.gemini\antigravity\scratch\quran-school-saas\backend\src\QuranSchool.Infrastructure\Seed\SeedData.cs(535,162): error CS0029: Impossible de convertir implicitement le type 'string' en 'System.TimeOnly' [C:\Users\aminc\.gemini\antigravity\scratch\quran-school-saas\backend\src\QuranSchool.Infrastructure\QuranSchool.Infrastructure.csproj]
C:\Users\aminc\.gemini\antigravity\scratch\quran-school-saas\backend\src\QuranSchool.Infrastructure\Seed\SeedData.cs(536,128): error CS0266: Impossible de convertir implicitement le type 'int' en 'QuranSchool.Domain.Enums.DayOfWeekEnum'. Une conversion explicite existe (un cast est-il manquant┬á?) [C:\Users\aminc\.gemini\antigravity\scratch\quran-school-saas\backend\src\QuranSchool.Infrastructure\QuranSchool.Infrastructure.csproj]
C:\Users\aminc\.gemini\antigravity\scratch\quran-school-saas\backend\src\QuranSchool.Infrastructure\Seed\SeedData.cs(536,143): error CS0029: Impossible de convertir implicitement le type 'string' en 'System.TimeOnly' [C:\Users\aminc\.gemini\antigravity\scratch\quran-school-saas\backend\src\QuranSchool.Infrastructure\QuranSchool.Infrastructure.csproj]
C:\Users\aminc\.gemini\antigravity\scratch\quran-school-saas\backend\src\QuranSchool.Infrastructure\Seed\SeedData.cs(536,162): error CS0029: Impossible de convertir implicitement le type 'string' en 'System.TimeOnly' [C:\Users\aminc\.gemini\antigravity\scratch\quran-school-saas\backend\src\QuranSchool.Infrastructure\QuranSchool.Infrastructure.csproj]
C:\Users\aminc\.gemini\antigravity\scratch\quran-school-saas\backend\src\QuranSchool.Infrastructure\Seed\SeedData.cs(539,128): error CS0266: Impossible de convertir implicitement le type 'int' en 'QuranSchool.Domain.Enums.DayOfWeekEnum'. Une conversion explicite existe (un cast est-il manquant┬á?) [C:\Users\aminc\.gemini\antigravity\scratch\quran-school-saas\backend\src\QuranSchool.Infrastructure\QuranSchool.Infrastructure.csproj]
C:\Users\aminc\.gemini\antigravity\scratch\quran-school-saas\backend\src\QuranSchool.Infrastructure\Seed\SeedData.cs(539,143): error CS0029: Impossible de convertir implicitement le type 'string' en 'System.TimeOnly' [C:\Users\aminc\.gemini\antigravity\scratch\quran-school-saas\backend\src\QuranSchool.Infrastructure\QuranSchool.Infrastructure.csproj]
C:\Users\aminc\.gemini\antigravity\scratch\quran-school-saas\backend\src\QuranSchool.Infrastructure\Seed\SeedData.cs(539,162): error CS0029: Impossible de convertir implicitement le type 'string' en 'System.TimeOnly' [C:\Users\aminc\.gemini\antigravity\scratch\quran-school-saas\backend\src\QuranSchool.Infrastructure\QuranSchool.Infrastructure.csproj]
C:\Users\aminc\.gemini\antigravity\scratch\quran-school-saas\backend\src\QuranSchool.Infrastructure\Seed\SeedData.cs(540,128): error CS0266: Impossible de convertir implicitement le type 'int' en 'QuranSchool.Domain.Enums.DayOfWeekEnum'. Une conversion explicite existe (un cast est-il manquant┬á?) [C:\Users\aminc\.gemini\antigravity\scratch\quran-school-saas\backend\src\QuranSchool.Infrastructure\QuranSchool.Infrastructure.csproj]
C:\Users\aminc\.gemini\antigravity\scratch\quran-school-saas\backend\src\QuranSchool.Infrastructure\Seed\SeedData.cs(540,143): error CS0029: Impossible de convertir implicitement le type 'string' en 'System.TimeOnly' [C:\Users\aminc\.gemini\antigravity\scratch\quran-school-saas\backend\src\QuranSchool.Infrastructure\QuranSchool.Infrastructure.csproj]
C:\Users\aminc\.gemini\antigravity\scratch\quran-school-saas\backend\src\QuranSchool.Infrastructure\Seed\SeedData.cs(540,162): error CS0029: Impossible de convertir implicitement le type 'string' en 'System.TimeOnly' [C:\Users\aminc\.gemini\antigravity\scratch\quran-school-saas\backend\src\QuranSchool.Infrastructure\QuranSchool.Infrastructure.csproj]
C:\Users\aminc\.gemini\antigravity\scratch\quran-school-saas\backend\src\QuranSchool.Infrastructure\Services\AuthService.cs(154,13): warning CS0219: La variable 'version' est assign├⌐e, mais sa valeur n'est jamais utilis├⌐e [C:\Users\aminc\.gemini\antigravity\scratch\quran-school-saas\backend\src\QuranSchool.Infrastructure\QuranSchool.Infrastructure.csproj]
C:\Users\aminc\.gemini\antigravity\scratch\quran-school-saas\backend\src\QuranSchool.Infrastructure\Services\AuthService.cs(229,41): warning CS8602: D├⌐r├⌐f├⌐rencement d'une ├⌐ventuelle r├⌐f├⌐rence null. [C:\Users\aminc\.gemini\antigravity\scratch\quran-school-saas\backend\src\QuranSchool.Infrastructure\QuranSchool.Infrastructure.csproj]
C:\Users\aminc\.gemini\antigravity\scratch\quran-school-saas\backend\src\QuranSchool.Infrastructure\Services\RoleService.cs(117,87): warning CS8604: Existence possible d'un argument de r├⌐f├⌐rence null pour le param├¿tre 'Description' dans 'PermissionResponse.PermissionResponse(Guid Id, string Code, string Module, string ActionType, string Description)'. [C:\Users\aminc\.gemini\antigravity\scratch\quran-school-saas\backend\src\QuranSchool.Infrastructure\QuranSchool.Infrastructure.csproj]
C:\Users\aminc\.gemini\antigravity\scratch\quran-school-saas\backend\src\QuranSchool.Infrastructure\Seed\AdvancedDataSeeder.cs(315,33): warning CS8629: Le type valeur Nullable peut avoir une valeur null. [C:\Users\aminc\.gemini\antigravity\scratch\quran-school-saas\backend\src\QuranSchool.Infrastructure\QuranSchool.Infrastructure.csproj]
C:\Users\aminc\.gemini\antigravity\scratch\quran-school-saas\backend\src\QuranSchool.Infrastructure\Services\SessionService.cs(347,53): warning CS8602: D├⌐r├⌐f├⌐rencement d'une ├⌐ventuelle r├⌐f├⌐rence null. [C:\Users\aminc\.gemini\antigravity\scratch\quran-school-saas\backend\src\QuranSchool.Infrastructure\QuranSchool.Infrastructure.csproj]
C:\Users\aminc\.gemini\antigravity\scratch\quran-school-saas\backend\src\QuranSchool.Infrastructure\Services\SessionService.cs(463,53): warning CS8602: D├⌐r├⌐f├⌐rencement d'une ├⌐ventuelle r├⌐f├⌐rence null. [C:\Users\aminc\.gemini\antigravity\scratch\quran-school-saas\backend\src\QuranSchool.Infrastructure\QuranSchool.Infrastructure.csproj]
C:\Users\aminc\.gemini\antigravity\scratch\quran-school-saas\backend\src\QuranSchool.Infrastructure\Data\AppDbContext.cs(12,28): warning CS0169: Le champ 'AppDbContext._currentSchoolId' n'est jamais utilis├⌐ [C:\Users\aminc\.gemini\antigravity\scratch\quran-school-saas\backend\src\QuranSchool.Infrastructure\QuranSchool.Infrastructure.csproj]

├ëCHEC de la build.

C:\Users\aminc\.gemini\antigravity\scratch\quran-school-saas\backend\src\QuranSchool.Infrastructure\Services\AuthService.cs(154,13): warning CS0219: La variable 'version' est assign├⌐e, mais sa valeur n'est jamais utilis├⌐e [C:\Users\aminc\.gemini\antigravity\scratch\quran-school-saas\backend\src\QuranSchool.Infrastructure\QuranSchool.Infrastructure.csproj]
C:\Users\aminc\.gemini\antigravity\scratch\quran-school-saas\backend\src\QuranSchool.Infrastructure\Services\AuthService.cs(229,41): warning CS8602: D├⌐r├⌐f├⌐rencement d'une ├⌐ventuelle r├⌐f├⌐rence null. [C:\Users\aminc\.gemini\antigravity\scratch\quran-school-saas\backend\src\QuranSchool.Infrastructure\QuranSchool.Infrastructure.csproj]
C:\Users\aminc\.gemini\antigravity\scratch\quran-school-saas\backend\src\QuranSchool.Infrastructure\Services\RoleService.cs(117,87): warning CS8604: Existence possible d'un argument de r├⌐f├⌐rence null pour le param├¿tre 'Description' dans 'PermissionResponse.PermissionResponse(Guid Id, string Code, string Module, string ActionType, string Description)'. [C:\Users\aminc\.gemini\antigravity\scratch\quran-school-saas\backend\src\QuranSchool.Infrastructure\QuranSchool.Infrastructure.csproj]
C:\Users\aminc\.gemini\antigravity\scratch\quran-school-saas\backend\src\QuranSchool.Infrastructure\Seed\AdvancedDataSeeder.cs(315,33): warning CS8629: Le type valeur Nullable peut avoir une valeur null. [C:\Users\aminc\.gemini\antigravity\scratch\quran-school-saas\backend\src\QuranSchool.Infrastructure\QuranSchool.Infrastructure.csproj]
C:\Users\aminc\.gemini\antigravity\scratch\quran-school-saas\backend\src\QuranSchool.Infrastructure\Services\SessionService.cs(347,53): warning CS8602: D├⌐r├⌐f├⌐rencement d'une ├⌐ventuelle r├⌐f├⌐rence null. [C:\Users\aminc\.gemini\antigravity\scratch\quran-school-saas\backend\src\QuranSchool.Infrastructure\QuranSchool.Infrastructure.csproj]
C:\Users\aminc\.gemini\antigravity\scratch\quran-school-saas\backend\src\QuranSchool.Infrastructure\Services\SessionService.cs(463,53): warning CS8602: D├⌐r├⌐f├⌐rencement d'une ├⌐ventuelle r├⌐f├⌐rence null. [C:\Users\aminc\.gemini\antigravity\scratch\quran-school-saas\backend\src\QuranSchool.Infrastructure\QuranSchool.Infrastructure.csproj]
C:\Users\aminc\.gemini\antigravity\scratch\quran-school-saas\backend\src\QuranSchool.Infrastructure\Data\AppDbContext.cs(12,28): warning CS0169: Le champ 'AppDbContext._currentSchoolId' n'est jamais utilis├⌐ [C:\Users\aminc\.gemini\antigravity\scratch\quran-school-saas\backend\src\QuranSchool.Infrastructure\QuranSchool.Infrastructure.csproj]
C:\Users\aminc\.gemini\antigravity\scratch\quran-school-saas\backend\src\QuranSchool.Infrastructure\Seed\SeedData.cs(534,128): error CS0266: Impossible de convertir implicitement le type 'int' en 'QuranSchool.Domain.Enums.DayOfWeekEnum'. Une conversion explicite existe (un cast est-il manquant┬á?) [C:\Users\aminc\.gemini\antigravity\scratch\quran-school-saas\backend\src\QuranSchool.Infrastructure\QuranSchool.Infrastructure.csproj]
C:\Users\aminc\.gemini\antigravity\scratch\quran-school-saas\backend\src\QuranSchool.Infrastructure\Seed\SeedData.cs(534,143): error CS0029: Impossible de convertir implicitement le type 'string' en 'System.TimeOnly' [C:\Users\aminc\.gemini\antigravity\scratch\quran-school-saas\backend\src\QuranSchool.Infrastructure\QuranSchool.Infrastructure.csproj]
C:\Users\aminc\.gemini\antigravity\scratch\quran-school-saas\backend\src\QuranSchool.Infrastructure\Seed\SeedData.cs(534,162): error CS0029: Impossible de convertir implicitement le type 'string' en 'System.TimeOnly' [C:\Users\aminc\.gemini\antigravity\scratch\quran-school-saas\backend\src\QuranSchool.Infrastructure\QuranSchool.Infrastructure.csproj]
C:\Users\aminc\.gemini\antigravity\scratch\quran-school-saas\backend\src\QuranSchool.Infrastructure\Seed\SeedData.cs(535,128): error CS0266: Impossible de convertir implicitement le type 'int' en 'QuranSchool.Domain.Enums.DayOfWeekEnum'. Une conversion explicite existe (un cast est-il manquant┬á?) [C:\Users\aminc\.gemini\antigravity\scratch\quran-school-saas\backend\src\QuranSchool.Infrastructure\QuranSchool.Infrastructure.csproj]
C:\Users\aminc\.gemini\antigravity\scratch\quran-school-saas\backend\src\QuranSchool.Infrastructure\Seed\SeedData.cs(535,143): error CS0029: Impossible de convertir implicitement le type 'string' en 'System.TimeOnly' [C:\Users\aminc\.gemini\antigravity\scratch\quran-school-saas\backend\src\QuranSchool.Infrastructure\QuranSchool.Infrastructure.csproj]
C:\Users\aminc\.gemini\antigravity\scratch\quran-school-saas\backend\src\QuranSchool.Infrastructure\Seed\SeedData.cs(535,162): error CS0029: Impossible de convertir implicitement le type 'string' en 'System.TimeOnly' [C:\Users\aminc\.gemini\antigravity\scratch\quran-school-saas\backend\src\QuranSchool.Infrastructure\QuranSchool.Infrastructure.csproj]
C:\Users\aminc\.gemini\antigravity\scratch\quran-school-saas\backend\src\QuranSchool.Infrastructure\Seed\SeedData.cs(536,128): error CS0266: Impossible de convertir implicitement le type 'int' en 'QuranSchool.Domain.Enums.DayOfWeekEnum'. Une conversion explicite existe (un cast est-il manquant┬á?) [C:\Users\aminc\.gemini\antigravity\scratch\quran-school-saas\backend\src\QuranSchool.Infrastructure\QuranSchool.Infrastructure.csproj]
C:\Users\aminc\.gemini\antigravity\scratch\quran-school-saas\backend\src\QuranSchool.Infrastructure\Seed\SeedData.cs(536,143): error CS0029: Impossible de convertir implicitement le type 'string' en 'System.TimeOnly' [C:\Users\aminc\.gemini\antigravity\scratch\quran-school-saas\backend\src\QuranSchool.Infrastructure\QuranSchool.Infrastructure.csproj]
C:\Users\aminc\.gemini\antigravity\scratch\quran-school-saas\backend\src\QuranSchool.Infrastructure\Seed\SeedData.cs(536,162): error CS0029: Impossible de convertir implicitement le type 'string' en 'System.TimeOnly' [C:\Users\aminc\.gemini\antigravity\scratch\quran-school-saas\backend\src\QuranSchool.Infrastructure\QuranSchool.Infrastructure.csproj]
C:\Users\aminc\.gemini\antigravity\scratch\quran-school-saas\backend\src\QuranSchool.Infrastructure\Seed\SeedData.cs(539,128): error CS0266: Impossible de convertir implicitement le type 'int' en 'QuranSchool.Domain.Enums.DayOfWeekEnum'. Une conversion explicite existe (un cast est-il manquant┬á?) [C:\Users\aminc\.gemini\antigravity\scratch\quran-school-saas\backend\src\QuranSchool.Infrastructure\QuranSchool.Infrastructure.csproj]
C:\Users\aminc\.gemini\antigravity\scratch\quran-school-saas\backend\src\QuranSchool.Infrastructure\Seed\SeedData.cs(539,143): error CS0029: Impossible de convertir implicitement le type 'string' en 'System.TimeOnly' [C:\Users\aminc\.gemini\antigravity\scratch\quran-school-saas\backend\src\QuranSchool.Infrastructure\QuranSchool.Infrastructure.csproj]
C:\Users\aminc\.gemini\antigravity\scratch\quran-school-saas\backend\src\QuranSchool.Infrastructure\Seed\SeedData.cs(539,162): error CS0029: Impossible de convertir implicitement le type 'string' en 'System.TimeOnly' [C:\Users\aminc\.gemini\antigravity\scratch\quran-school-saas\backend\src\QuranSchool.Infrastructure\QuranSchool.Infrastructure.csproj]
C:\Users\aminc\.gemini\antigravity\scratch\quran-school-saas\backend\src\QuranSchool.Infrastructure\Seed\SeedData.cs(540,128): error CS0266: Impossible de convertir implicitement le type 'int' en 'QuranSchool.Domain.Enums.DayOfWeekEnum'. Une conversion explicite existe (un cast est-il manquant┬á?) [C:\Users\aminc\.gemini\antigravity\scratch\quran-school-saas\backend\src\QuranSchool.Infrastructure\QuranSchool.Infrastructure.csproj]
C:\Users\aminc\.gemini\antigravity\scratch\quran-school-saas\backend\src\QuranSchool.Infrastructure\Seed\SeedData.cs(540,143): error CS0029: Impossible de convertir implicitement le type 'string' en 'System.TimeOnly' [C:\Users\aminc\.gemini\antigravity\scratch\quran-school-saas\backend\src\QuranSchool.Infrastructure\QuranSchool.Infrastructure.csproj]
C:\Users\aminc\.gemini\antigravity\scratch\quran-school-saas\backend\src\QuranSchool.Infrastructure\Seed\SeedData.cs(540,162): error CS0029: Impossible de convertir implicitement le type 'string' en 'System.TimeOnly' [C:\Users\aminc\.gemini\antigravity\scratch\quran-school-saas\backend\src\QuranSchool.Infrastructure\QuranSchool.Infrastructure.csproj]
    7 Avertissement(s)
    15 Erreur(s)

Temps ├⌐coul├⌐ 00:00:02.77
