src/app/dashboard/parents/page.tsx(37,24): error TS2345: Argument of type 'UserResponse[]' is not assignable to parameter of type 'SetStateAction<ParentResponse[]>'.
  Type 'UserResponse[]' is not assignable to type 'ParentResponse[]'.
    Type 'UserResponse' is missing the following properties from type 'ParentResponse': hasUserAccount, linkedStudentsCount
