  Identification des projets ├á restaurer...
  Tous les projets sont ├á jour pour la restauration.
  QuranSchool.Domain -> C:\Users\aminc\.gemini\antigravity\scratch\quran-school-saas\backend\src\QuranSchool.Domain\bin\Debug\net8.0\QuranSchool.Domain.dll
  QuranSchool.Application -> C:\Users\aminc\.gemini\antigravity\scratch\quran-school-saas\backend\src\QuranSchool.Application\bin\Debug\net8.0\QuranSchool.Application.dll
  QuranSchool.Infrastructure -> C:\Users\aminc\.gemini\antigravity\scratch\quran-school-saas\backend\src\QuranSchool.Infrastructure\bin\Debug\net8.0\QuranSchool.Infrastructure.dll
  QuranSchool.Tests -> C:\Users\aminc\.gemini\antigravity\scratch\quran-school-saas\backend\tests\QuranSchool.Tests\bin\Debug\net8.0\QuranSchool.Tests.dll
C:\Program Files\dotnet\sdk\8.0.418\Microsoft.Common.CurrentVersion.targets(5034,5): warning MSB3026: Impossible de copier "C:\Users\aminc\.gemini\antigravity\scratch\quran-school-saas\backend\src\QuranSchool.Domain\bin\Debug\net8.0\QuranSchool.Domain.dll" vers "bin\Debug\net8.0\QuranSchool.Domain.dll". Nouvelle tentative de l'op├⌐ration 1 dans 1000┬áms. The process cannot access the file 'C:\Users\aminc\.gemini\antigravity\scratch\quran-school-saas\backend\src\QuranSchool.API\bin\Debug\net8.0\QuranSchool.Domain.dll' because it is being used by another process. Le fichier est verrouill├⌐ par┬á: "QuranSchool.API (32360)" [C:\Users\aminc\.gemini\antigravity\scratch\quran-school-saas\backend\src\QuranSchool.API\QuranSchool.API.csproj]
C:\Program Files\dotnet\sdk\8.0.418\Microsoft.Common.CurrentVersion.targets(5034,5): warning MSB3026: Impossible de copier "C:\Users\aminc\.gemini\antigravity\scratch\quran-school-saas\backend\src\QuranSchool.Infrastructure\bin\Debug\net8.0\QuranSchool.Infrastructure.dll" vers "bin\Debug\net8.0\QuranSchool.Infrastructure.dll". Nouvelle tentative de l'op├⌐ration 1 dans 1000┬áms. The process cannot access the file 'C:\Users\aminc\.gemini\antigravity\scratch\quran-school-saas\backend\src\QuranSchool.API\bin\Debug\net8.0\QuranSchool.Infrastructure.dll' because it is being used by another process. Le fichier est verrouill├⌐ par┬á: "QuranSchool.API (32360)" [C:\Users\aminc\.gemini\antigravity\scratch\quran-school-saas\backend\src\QuranSchool.API\QuranSchool.API.csproj]
C:\Program Files\dotnet\sdk\8.0.418\Microsoft.Common.CurrentVersion.targets(5034,5): warning MSB3026: Impossible de copier "C:\Users\aminc\.gemini\antigravity\scratch\quran-school-saas\backend\src\QuranSchool.Application\bin\Debug\net8.0\QuranSchool.Application.dll" vers "bin\Debug\net8.0\QuranSchool.Application.dll". Nouvelle tentative de l'op├⌐ration 1 dans 1000┬áms. The process cannot access the file 'C:\Users\aminc\.gemini\antigravity\scratch\quran-school-saas\backend\src\QuranSchool.API\bin\Debug\net8.0\QuranSchool.Application.dll' because it is being used by another process. Le fichier est verrouill├⌐ par┬á: "QuranSchool.API (32360)" [C:\Users\aminc\.gemini\antigravity\scratch\quran-school-saas\backend\src\QuranSchool.API\QuranSchool.API.csproj]
C:\Program Files\dotnet\sdk\8.0.418\Microsoft.Common.CurrentVersion.targets(5034,5): warning MSB3026: Impossible de copier "C:\Users\aminc\.gemini\antigravity\scratch\quran-school-saas\backend\src\QuranSchool.Domain\bin\Debug\net8.0\QuranSchool.Domain.dll" vers "bin\Debug\net8.0\QuranSchool.Domain.dll". Nouvelle tentative de l'op├⌐ration 2 dans 1000┬áms. The process cannot access the file 'C:\Users\aminc\.gemini\antigravity\scratch\quran-school-saas\backend\src\QuranSchool.API\bin\Debug\net8.0\QuranSchool.Domain.dll' because it is being used by another process. Le fichier est verrouill├⌐ par┬á: "QuranSchool.API (32360)" [C:\Users\aminc\.gemini\antigravity\scratch\quran-school-saas\backend\src\QuranSchool.API\QuranSchool.API.csproj]
C:\Program Files\dotnet\sdk\8.0.418\Microsoft.Common.CurrentVersion.targets(5034,5): warning MSB3026: Impossible de copier "C:\Users\aminc\.gemini\antigravity\scratch\quran-school-saas\backend\src\QuranSchool.Infrastructure\bin\Debug\net8.0\QuranSchool.Infrastructure.dll" vers "bin\Debug\net8.0\QuranSchool.Infrastructure.dll". Nouvelle tentative de l'op├⌐ration 2 dans 1000┬áms. The process cannot access the file 'C:\Users\aminc\.gemini\antigravity\scratch\quran-school-saas\backend\src\QuranSchool.API\bin\Debug\net8.0\QuranSchool.Infrastructure.dll' because it is being used by another process. Le fichier est verrouill├⌐ par┬á: "QuranSchool.API (32360)" [C:\Users\aminc\.gemini\antigravity\scratch\quran-school-saas\backend\src\QuranSchool.API\QuranSchool.API.csproj]
C:\Program Files\dotnet\sdk\8.0.418\Microsoft.Common.CurrentVersion.targets(5034,5): warning MSB3026: Impossible de copier "C:\Users\aminc\.gemini\antigravity\scratch\quran-school-saas\backend\src\QuranSchool.Application\bin\Debug\net8.0\QuranSchool.Application.dll" vers "bin\Debug\net8.0\QuranSchool.Application.dll". Nouvelle tentative de l'op├⌐ration 2 dans 1000┬áms. The process cannot access the file 'C:\Users\aminc\.gemini\antigravity\scratch\quran-school-saas\backend\src\QuranSchool.API\bin\Debug\net8.0\QuranSchool.Application.dll' because it is being used by another process. Le fichier est verrouill├⌐ par┬á: "QuranSchool.API (32360)" [C:\Users\aminc\.gemini\antigravity\scratch\quran-school-saas\backend\src\QuranSchool.API\QuranSchool.API.csproj]
C:\Program Files\dotnet\sdk\8.0.418\Microsoft.Common.CurrentVersion.targets(5034,5): warning MSB3026: Impossible de copier "C:\Users\aminc\.gemini\antigravity\scratch\quran-school-saas\backend\src\QuranSchool.Domain\bin\Debug\net8.0\QuranSchool.Domain.dll" vers "bin\Debug\net8.0\QuranSchool.Domain.dll". Nouvelle tentative de l'op├⌐ration 3 dans 1000┬áms. The process cannot access the file 'C:\Users\aminc\.gemini\antigravity\scratch\quran-school-saas\backend\src\QuranSchool.API\bin\Debug\net8.0\QuranSchool.Domain.dll' because it is being used by another process. Le fichier est verrouill├⌐ par┬á: "QuranSchool.API (32360)" [C:\Users\aminc\.gemini\antigravity\scratch\quran-school-saas\backend\src\QuranSchool.API\QuranSchool.API.csproj]
C:\Program Files\dotnet\sdk\8.0.418\Microsoft.Common.CurrentVersion.targets(5034,5): warning MSB3026: Impossible de copier "C:\Users\aminc\.gemini\antigravity\scratch\quran-school-saas\backend\src\QuranSchool.Infrastructure\bin\Debug\net8.0\QuranSchool.Infrastructure.dll" vers "bin\Debug\net8.0\QuranSchool.Infrastructure.dll". Nouvelle tentative de l'op├⌐ration 3 dans 1000┬áms. The process cannot access the file 'C:\Users\aminc\.gemini\antigravity\scratch\quran-school-saas\backend\src\QuranSchool.API\bin\Debug\net8.0\QuranSchool.Infrastructure.dll' because it is being used by another process. Le fichier est verrouill├⌐ par┬á: "QuranSchool.API (32360)" [C:\Users\aminc\.gemini\antigravity\scratch\quran-school-saas\backend\src\QuranSchool.API\QuranSchool.API.csproj]
C:\Program Files\dotnet\sdk\8.0.418\Microsoft.Common.CurrentVersion.targets(5034,5): warning MSB3026: Impossible de copier "C:\Users\aminc\.gemini\antigravity\scratch\quran-school-saas\backend\src\QuranSchool.Application\bin\Debug\net8.0\QuranSchool.Application.dll" vers "bin\Debug\net8.0\QuranSchool.Application.dll". Nouvelle tentative de l'op├⌐ration 3 dans 1000┬áms. The process cannot access the file 'C:\Users\aminc\.gemini\antigravity\scratch\quran-school-saas\backend\src\QuranSchool.API\bin\Debug\net8.0\QuranSchool.Application.dll' because it is being used by another process. Le fichier est verrouill├⌐ par┬á: "QuranSchool.API (32360)" [C:\Users\aminc\.gemini\antigravity\scratch\quran-school-saas\backend\src\QuranSchool.API\QuranSchool.API.csproj]
C:\Program Files\dotnet\sdk\8.0.418\Microsoft.Common.CurrentVersion.targets(5034,5): warning MSB3026: Impossible de copier "C:\Users\aminc\.gemini\antigravity\scratch\quran-school-saas\backend\src\QuranSchool.Domain\bin\Debug\net8.0\QuranSchool.Domain.dll" vers "bin\Debug\net8.0\QuranSchool.Domain.dll". Nouvelle tentative de l'op├⌐ration 4 dans 1000┬áms. The process cannot access the file 'C:\Users\aminc\.gemini\antigravity\scratch\quran-school-saas\backend\src\QuranSchool.API\bin\Debug\net8.0\QuranSchool.Domain.dll' because it is being used by another process. Le fichier est verrouill├⌐ par┬á: "QuranSchool.API (32360)" [C:\Users\aminc\.gemini\antigravity\scratch\quran-school-saas\backend\src\QuranSchool.API\QuranSchool.API.csproj]
C:\Program Files\dotnet\sdk\8.0.418\Microsoft.Common.CurrentVersion.targets(5034,5): warning MSB3026: Impossible de copier "C:\Users\aminc\.gemini\antigravity\scratch\quran-school-saas\backend\src\QuranSchool.Infrastructure\bin\Debug\net8.0\QuranSchool.Infrastructure.dll" vers "bin\Debug\net8.0\QuranSchool.Infrastructure.dll". Nouvelle tentative de l'op├⌐ration 4 dans 1000┬áms. The process cannot access the file 'C:\Users\aminc\.gemini\antigravity\scratch\quran-school-saas\backend\src\QuranSchool.API\bin\Debug\net8.0\QuranSchool.Infrastructure.dll' because it is being used by another process. Le fichier est verrouill├⌐ par┬á: "QuranSchool.API (32360)" [C:\Users\aminc\.gemini\antigravity\scratch\quran-school-saas\backend\src\QuranSchool.API\QuranSchool.API.csproj]
C:\Program Files\dotnet\sdk\8.0.418\Microsoft.Common.CurrentVersion.targets(5034,5): warning MSB3026: Impossible de copier "C:\Users\aminc\.gemini\antigravity\scratch\quran-school-saas\backend\src\QuranSchool.Application\bin\Debug\net8.0\QuranSchool.Application.dll" vers "bin\Debug\net8.0\QuranSchool.Application.dll". Nouvelle tentative de l'op├⌐ration 4 dans 1000┬áms. The process cannot access the file 'C:\Users\aminc\.gemini\antigravity\scratch\quran-school-saas\backend\src\QuranSchool.API\bin\Debug\net8.0\QuranSchool.Application.dll' because it is being used by another process. Le fichier est verrouill├⌐ par┬á: "QuranSchool.API (32360)" [C:\Users\aminc\.gemini\antigravity\scratch\quran-school-saas\backend\src\QuranSchool.API\QuranSchool.API.csproj]
C:\Program Files\dotnet\sdk\8.0.418\Microsoft.Common.CurrentVersion.targets(5034,5): warning MSB3026: Impossible de copier "C:\Users\aminc\.gemini\antigravity\scratch\quran-school-saas\backend\src\QuranSchool.Domain\bin\Debug\net8.0\QuranSchool.Domain.dll" vers "bin\Debug\net8.0\QuranSchool.Domain.dll". Nouvelle tentative de l'op├⌐ration 5 dans 1000┬áms. The process cannot access the file 'C:\Users\aminc\.gemini\antigravity\scratch\quran-school-saas\backend\src\QuranSchool.API\bin\Debug\net8.0\QuranSchool.Domain.dll' because it is being used by another process. Le fichier est verrouill├⌐ par┬á: "QuranSchool.API (32360)" [C:\Users\aminc\.gemini\antigravity\scratch\quran-school-saas\backend\src\QuranSchool.API\QuranSchool.API.csproj]
C:\Program Files\dotnet\sdk\8.0.418\Microsoft.Common.CurrentVersion.targets(5034,5): warning MSB3026: Impossible de copier "C:\Users\aminc\.gemini\antigravity\scratch\quran-school-saas\backend\src\QuranSchool.Infrastructure\bin\Debug\net8.0\QuranSchool.Infrastructure.dll" vers "bin\Debug\net8.0\QuranSchool.Infrastructure.dll". Nouvelle tentative de l'op├⌐ration 5 dans 1000┬áms. The process cannot access the file 'C:\Users\aminc\.gemini\antigravity\scratch\quran-school-saas\backend\src\QuranSchool.API\bin\Debug\net8.0\QuranSchool.Infrastructure.dll' because it is being used by another process. Le fichier est verrouill├⌐ par┬á: "QuranSchool.API (32360)" [C:\Users\aminc\.gemini\antigravity\scratch\quran-school-saas\backend\src\QuranSchool.API\QuranSchool.API.csproj]
C:\Program Files\dotnet\sdk\8.0.418\Microsoft.Common.CurrentVersion.targets(5034,5): warning MSB3026: Impossible de copier "C:\Users\aminc\.gemini\antigravity\scratch\quran-school-saas\backend\src\QuranSchool.Application\bin\Debug\net8.0\QuranSchool.Application.dll" vers "bin\Debug\net8.0\QuranSchool.Application.dll". Nouvelle tentative de l'op├⌐ration 5 dans 1000┬áms. The process cannot access the file 'C:\Users\aminc\.gemini\antigravity\scratch\quran-school-saas\backend\src\QuranSchool.API\bin\Debug\net8.0\QuranSchool.Application.dll' because it is being used by another process. Le fichier est verrouill├⌐ par┬á: "QuranSchool.API (32360)" [C:\Users\aminc\.gemini\antigravity\scratch\quran-school-saas\backend\src\QuranSchool.API\QuranSchool.API.csproj]
C:\Program Files\dotnet\sdk\8.0.418\Microsoft.Common.CurrentVersion.targets(5034,5): warning MSB3026: Impossible de copier "C:\Users\aminc\.gemini\antigravity\scratch\quran-school-saas\backend\src\QuranSchool.Domain\bin\Debug\net8.0\QuranSchool.Domain.dll" vers "bin\Debug\net8.0\QuranSchool.Domain.dll". Nouvelle tentative de l'op├⌐ration 6 dans 1000┬áms. The process cannot access the file 'C:\Users\aminc\.gemini\antigravity\scratch\quran-school-saas\backend\src\QuranSchool.API\bin\Debug\net8.0\QuranSchool.Domain.dll' because it is being used by another process. Le fichier est verrouill├⌐ par┬á: "QuranSchool.API (32360)" [C:\Users\aminc\.gemini\antigravity\scratch\quran-school-saas\backend\src\QuranSchool.API\QuranSchool.API.csproj]
C:\Program Files\dotnet\sdk\8.0.418\Microsoft.Common.CurrentVersion.targets(5034,5): warning MSB3026: Impossible de copier "C:\Users\aminc\.gemini\antigravity\scratch\quran-school-saas\backend\src\QuranSchool.Infrastructure\bin\Debug\net8.0\QuranSchool.Infrastructure.dll" vers "bin\Debug\net8.0\QuranSchool.Infrastructure.dll". Nouvelle tentative de l'op├⌐ration 6 dans 1000┬áms. The process cannot access the file 'C:\Users\aminc\.gemini\antigravity\scratch\quran-school-saas\backend\src\QuranSchool.API\bin\Debug\net8.0\QuranSchool.Infrastructure.dll' because it is being used by another process. Le fichier est verrouill├⌐ par┬á: "QuranSchool.API (32360)" [C:\Users\aminc\.gemini\antigravity\scratch\quran-school-saas\backend\src\QuranSchool.API\QuranSchool.API.csproj]
C:\Program Files\dotnet\sdk\8.0.418\Microsoft.Common.CurrentVersion.targets(5034,5): warning MSB3026: Impossible de copier "C:\Users\aminc\.gemini\antigravity\scratch\quran-school-saas\backend\src\QuranSchool.Application\bin\Debug\net8.0\QuranSchool.Application.dll" vers "bin\Debug\net8.0\QuranSchool.Application.dll". Nouvelle tentative de l'op├⌐ration 6 dans 1000┬áms. The process cannot access the file 'C:\Users\aminc\.gemini\antigravity\scratch\quran-school-saas\backend\src\QuranSchool.API\bin\Debug\net8.0\QuranSchool.Application.dll' because it is being used by another process. Le fichier est verrouill├⌐ par┬á: "QuranSchool.API (32360)" [C:\Users\aminc\.gemini\antigravity\scratch\quran-school-saas\backend\src\QuranSchool.API\QuranSchool.API.csproj]
C:\Program Files\dotnet\sdk\8.0.418\Microsoft.Common.CurrentVersion.targets(5034,5): warning MSB3026: Impossible de copier "C:\Users\aminc\.gemini\antigravity\scratch\quran-school-saas\backend\src\QuranSchool.Domain\bin\Debug\net8.0\QuranSchool.Domain.dll" vers "bin\Debug\net8.0\QuranSchool.Domain.dll". Nouvelle tentative de l'op├⌐ration 7 dans 1000┬áms. The process cannot access the file 'C:\Users\aminc\.gemini\antigravity\scratch\quran-school-saas\backend\src\QuranSchool.API\bin\Debug\net8.0\QuranSchool.Domain.dll' because it is being used by another process. Le fichier est verrouill├⌐ par┬á: "QuranSchool.API (32360)" [C:\Users\aminc\.gemini\antigravity\scratch\quran-school-saas\backend\src\QuranSchool.API\QuranSchool.API.csproj]
C:\Program Files\dotnet\sdk\8.0.418\Microsoft.Common.CurrentVersion.targets(5034,5): warning MSB3026: Impossible de copier "C:\Users\aminc\.gemini\antigravity\scratch\quran-school-saas\backend\src\QuranSchool.Infrastructure\bin\Debug\net8.0\QuranSchool.Infrastructure.dll" vers "bin\Debug\net8.0\QuranSchool.Infrastructure.dll". Nouvelle tentative de l'op├⌐ration 7 dans 1000┬áms. The process cannot access the file 'C:\Users\aminc\.gemini\antigravity\scratch\quran-school-saas\backend\src\QuranSchool.API\bin\Debug\net8.0\QuranSchool.Infrastructure.dll' because it is being used by another process. Le fichier est verrouill├⌐ par┬á: "QuranSchool.API (32360)" [C:\Users\aminc\.gemini\antigravity\scratch\quran-school-saas\backend\src\QuranSchool.API\QuranSchool.API.csproj]
C:\Program Files\dotnet\sdk\8.0.418\Microsoft.Common.CurrentVersion.targets(5034,5): warning MSB3026: Impossible de copier "C:\Users\aminc\.gemini\antigravity\scratch\quran-school-saas\backend\src\QuranSchool.Application\bin\Debug\net8.0\QuranSchool.Application.dll" vers "bin\Debug\net8.0\QuranSchool.Application.dll". Nouvelle tentative de l'op├⌐ration 7 dans 1000┬áms. The process cannot access the file 'C:\Users\aminc\.gemini\antigravity\scratch\quran-school-saas\backend\src\QuranSchool.API\bin\Debug\net8.0\QuranSchool.Application.dll' because it is being used by another process. Le fichier est verrouill├⌐ par┬á: "QuranSchool.API (32360)" [C:\Users\aminc\.gemini\antigravity\scratch\quran-school-saas\backend\src\QuranSchool.API\QuranSchool.API.csproj]
C:\Program Files\dotnet\sdk\8.0.418\Microsoft.Common.CurrentVersion.targets(5034,5): warning MSB3026: Impossible de copier "C:\Users\aminc\.gemini\antigravity\scratch\quran-school-saas\backend\src\QuranSchool.Domain\bin\Debug\net8.0\QuranSchool.Domain.dll" vers "bin\Debug\net8.0\QuranSchool.Domain.dll". Nouvelle tentative de l'op├⌐ration 8 dans 1000┬áms. The process cannot access the file 'C:\Users\aminc\.gemini\antigravity\scratch\quran-school-saas\backend\src\QuranSchool.API\bin\Debug\net8.0\QuranSchool.Domain.dll' because it is being used by another process. Le fichier est verrouill├⌐ par┬á: "QuranSchool.API (32360)" [C:\Users\aminc\.gemini\antigravity\scratch\quran-school-saas\backend\src\QuranSchool.API\QuranSchool.API.csproj]
C:\Program Files\dotnet\sdk\8.0.418\Microsoft.Common.CurrentVersion.targets(5034,5): warning MSB3026: Impossible de copier "C:\Users\aminc\.gemini\antigravity\scratch\quran-school-saas\backend\src\QuranSchool.Infrastructure\bin\Debug\net8.0\QuranSchool.Infrastructure.dll" vers "bin\Debug\net8.0\QuranSchool.Infrastructure.dll". Nouvelle tentative de l'op├⌐ration 8 dans 1000┬áms. The process cannot access the file 'C:\Users\aminc\.gemini\antigravity\scratch\quran-school-saas\backend\src\QuranSchool.API\bin\Debug\net8.0\QuranSchool.Infrastructure.dll' because it is being used by another process. Le fichier est verrouill├⌐ par┬á: "QuranSchool.API (32360)" [C:\Users\aminc\.gemini\antigravity\scratch\quran-school-saas\backend\src\QuranSchool.API\QuranSchool.API.csproj]
C:\Program Files\dotnet\sdk\8.0.418\Microsoft.Common.CurrentVersion.targets(5034,5): warning MSB3026: Impossible de copier "C:\Users\aminc\.gemini\antigravity\scratch\quran-school-saas\backend\src\QuranSchool.Application\bin\Debug\net8.0\QuranSchool.Application.dll" vers "bin\Debug\net8.0\QuranSchool.Application.dll". Nouvelle tentative de l'op├⌐ration 8 dans 1000┬áms. The process cannot access the file 'C:\Users\aminc\.gemini\antigravity\scratch\quran-school-saas\backend\src\QuranSchool.API\bin\Debug\net8.0\QuranSchool.Application.dll' because it is being used by another process. Le fichier est verrouill├⌐ par┬á: "QuranSchool.API (32360)" [C:\Users\aminc\.gemini\antigravity\scratch\quran-school-saas\backend\src\QuranSchool.API\QuranSchool.API.csproj]
C:\Program Files\dotnet\sdk\8.0.418\Microsoft.Common.CurrentVersion.targets(5034,5): warning MSB3026: Impossible de copier "C:\Users\aminc\.gemini\antigravity\scratch\quran-school-saas\backend\src\QuranSchool.Domain\bin\Debug\net8.0\QuranSchool.Domain.dll" vers "bin\Debug\net8.0\QuranSchool.Domain.dll". Nouvelle tentative de l'op├⌐ration 9 dans 1000┬áms. The process cannot access the file 'C:\Users\aminc\.gemini\antigravity\scratch\quran-school-saas\backend\src\QuranSchool.API\bin\Debug\net8.0\QuranSchool.Domain.dll' because it is being used by another process. Le fichier est verrouill├⌐ par┬á: "QuranSchool.API (32360)" [C:\Users\aminc\.gemini\antigravity\scratch\quran-school-saas\backend\src\QuranSchool.API\QuranSchool.API.csproj]
C:\Program Files\dotnet\sdk\8.0.418\Microsoft.Common.CurrentVersion.targets(5034,5): warning MSB3026: Impossible de copier "C:\Users\aminc\.gemini\antigravity\scratch\quran-school-saas\backend\src\QuranSchool.Infrastructure\bin\Debug\net8.0\QuranSchool.Infrastructure.dll" vers "bin\Debug\net8.0\QuranSchool.Infrastructure.dll". Nouvelle tentative de l'op├⌐ration 9 dans 1000┬áms. The process cannot access the file 'C:\Users\aminc\.gemini\antigravity\scratch\quran-school-saas\backend\src\QuranSchool.API\bin\Debug\net8.0\QuranSchool.Infrastructure.dll' because it is being used by another process. Le fichier est verrouill├⌐ par┬á: "QuranSchool.API (32360)" [C:\Users\aminc\.gemini\antigravity\scratch\quran-school-saas\backend\src\QuranSchool.API\QuranSchool.API.csproj]
C:\Program Files\dotnet\sdk\8.0.418\Microsoft.Common.CurrentVersion.targets(5034,5): warning MSB3026: Impossible de copier "C:\Users\aminc\.gemini\antigravity\scratch\quran-school-saas\backend\src\QuranSchool.Application\bin\Debug\net8.0\QuranSchool.Application.dll" vers "bin\Debug\net8.0\QuranSchool.Application.dll". Nouvelle tentative de l'op├⌐ration 9 dans 1000┬áms. The process cannot access the file 'C:\Users\aminc\.gemini\antigravity\scratch\quran-school-saas\backend\src\QuranSchool.API\bin\Debug\net8.0\QuranSchool.Application.dll' because it is being used by another process. Le fichier est verrouill├⌐ par┬á: "QuranSchool.API (32360)" [C:\Users\aminc\.gemini\antigravity\scratch\quran-school-saas\backend\src\QuranSchool.API\QuranSchool.API.csproj]
C:\Program Files\dotnet\sdk\8.0.418\Microsoft.Common.CurrentVersion.targets(5034,5): warning MSB3026: Impossible de copier "C:\Users\aminc\.gemini\antigravity\scratch\quran-school-saas\backend\src\QuranSchool.Domain\bin\Debug\net8.0\QuranSchool.Domain.dll" vers "bin\Debug\net8.0\QuranSchool.Domain.dll". Nouvelle tentative de l'op├⌐ration 10 dans 1000┬áms. The process cannot access the file 'C:\Users\aminc\.gemini\antigravity\scratch\quran-school-saas\backend\src\QuranSchool.API\bin\Debug\net8.0\QuranSchool.Domain.dll' because it is being used by another process. Le fichier est verrouill├⌐ par┬á: "QuranSchool.API (32360)" [C:\Users\aminc\.gemini\antigravity\scratch\quran-school-saas\backend\src\QuranSchool.API\QuranSchool.API.csproj]
C:\Program Files\dotnet\sdk\8.0.418\Microsoft.Common.CurrentVersion.targets(5034,5): warning MSB3026: Impossible de copier "C:\Users\aminc\.gemini\antigravity\scratch\quran-school-saas\backend\src\QuranSchool.Infrastructure\bin\Debug\net8.0\QuranSchool.Infrastructure.dll" vers "bin\Debug\net8.0\QuranSchool.Infrastructure.dll". Nouvelle tentative de l'op├⌐ration 10 dans 1000┬áms. The process cannot access the file 'C:\Users\aminc\.gemini\antigravity\scratch\quran-school-saas\backend\src\QuranSchool.API\bin\Debug\net8.0\QuranSchool.Infrastructure.dll' because it is being used by another process. Le fichier est verrouill├⌐ par┬á: "QuranSchool.API (32360)" [C:\Users\aminc\.gemini\antigravity\scratch\quran-school-saas\backend\src\QuranSchool.API\QuranSchool.API.csproj]
C:\Program Files\dotnet\sdk\8.0.418\Microsoft.Common.CurrentVersion.targets(5034,5): warning MSB3026: Impossible de copier "C:\Users\aminc\.gemini\antigravity\scratch\quran-school-saas\backend\src\QuranSchool.Application\bin\Debug\net8.0\QuranSchool.Application.dll" vers "bin\Debug\net8.0\QuranSchool.Application.dll". Nouvelle tentative de l'op├⌐ration 10 dans 1000┬áms. The process cannot access the file 'C:\Users\aminc\.gemini\antigravity\scratch\quran-school-saas\backend\src\QuranSchool.API\bin\Debug\net8.0\QuranSchool.Application.dll' because it is being used by another process. Le fichier est verrouill├⌐ par┬á: "QuranSchool.API (32360)" [C:\Users\aminc\.gemini\antigravity\scratch\quran-school-saas\backend\src\QuranSchool.API\QuranSchool.API.csproj]
C:\Program Files\dotnet\sdk\8.0.418\Microsoft.Common.CurrentVersion.targets(5034,5): error MSB3027: Impossible de copier "C:\Users\aminc\.gemini\antigravity\scratch\quran-school-saas\backend\src\QuranSchool.Domain\bin\Debug\net8.0\QuranSchool.Domain.dll" vers "bin\Debug\net8.0\QuranSchool.Domain.dll". D├⌐passement du nombre maximal de nouvelles tentatives de 10. ├ëchec. Le fichier est verrouill├⌐ par┬á: "QuranSchool.API (32360)" [C:\Users\aminc\.gemini\antigravity\scratch\quran-school-saas\backend\src\QuranSchool.API\QuranSchool.API.csproj]
C:\Program Files\dotnet\sdk\8.0.418\Microsoft.Common.CurrentVersion.targets(5034,5): error MSB3021: Impossible de copier le fichier "C:\Users\aminc\.gemini\antigravity\scratch\quran-school-saas\backend\src\QuranSchool.Domain\bin\Debug\net8.0\QuranSchool.Domain.dll" vers "bin\Debug\net8.0\QuranSchool.Domain.dll". The process cannot access the file 'C:\Users\aminc\.gemini\antigravity\scratch\quran-school-saas\backend\src\QuranSchool.API\bin\Debug\net8.0\QuranSchool.Domain.dll' because it is being used by another process. [C:\Users\aminc\.gemini\antigravity\scratch\quran-school-saas\backend\src\QuranSchool.API\QuranSchool.API.csproj]
C:\Program Files\dotnet\sdk\8.0.418\Microsoft.Common.CurrentVersion.targets(5034,5): error MSB3027: Impossible de copier "C:\Users\aminc\.gemini\antigravity\scratch\quran-school-saas\backend\src\QuranSchool.Infrastructure\bin\Debug\net8.0\QuranSchool.Infrastructure.dll" vers "bin\Debug\net8.0\QuranSchool.Infrastructure.dll". D├⌐passement du nombre maximal de nouvelles tentatives de 10. ├ëchec. Le fichier est verrouill├⌐ par┬á: "QuranSchool.API (32360)" [C:\Users\aminc\.gemini\antigravity\scratch\quran-school-saas\backend\src\QuranSchool.API\QuranSchool.API.csproj]
C:\Program Files\dotnet\sdk\8.0.418\Microsoft.Common.CurrentVersion.targets(5034,5): error MSB3021: Impossible de copier le fichier "C:\Users\aminc\.gemini\antigravity\scratch\quran-school-saas\backend\src\QuranSchool.Infrastructure\bin\Debug\net8.0\QuranSchool.Infrastructure.dll" vers "bin\Debug\net8.0\QuranSchool.Infrastructure.dll". The process cannot access the file 'C:\Users\aminc\.gemini\antigravity\scratch\quran-school-saas\backend\src\QuranSchool.API\bin\Debug\net8.0\QuranSchool.Infrastructure.dll' because it is being used by another process. [C:\Users\aminc\.gemini\antigravity\scratch\quran-school-saas\backend\src\QuranSchool.API\QuranSchool.API.csproj]
C:\Program Files\dotnet\sdk\8.0.418\Microsoft.Common.CurrentVersion.targets(5034,5): error MSB3027: Impossible de copier "C:\Users\aminc\.gemini\antigravity\scratch\quran-school-saas\backend\src\QuranSchool.Application\bin\Debug\net8.0\QuranSchool.Application.dll" vers "bin\Debug\net8.0\QuranSchool.Application.dll". D├⌐passement du nombre maximal de nouvelles tentatives de 10. ├ëchec. Le fichier est verrouill├⌐ par┬á: "QuranSchool.API (32360)" [C:\Users\aminc\.gemini\antigravity\scratch\quran-school-saas\backend\src\QuranSchool.API\QuranSchool.API.csproj]
C:\Program Files\dotnet\sdk\8.0.418\Microsoft.Common.CurrentVersion.targets(5034,5): error MSB3021: Impossible de copier le fichier "C:\Users\aminc\.gemini\antigravity\scratch\quran-school-saas\backend\src\QuranSchool.Application\bin\Debug\net8.0\QuranSchool.Application.dll" vers "bin\Debug\net8.0\QuranSchool.Application.dll". The process cannot access the file 'C:\Users\aminc\.gemini\antigravity\scratch\quran-school-saas\backend\src\QuranSchool.API\bin\Debug\net8.0\QuranSchool.Application.dll' because it is being used by another process. [C:\Users\aminc\.gemini\antigravity\scratch\quran-school-saas\backend\src\QuranSchool.API\QuranSchool.API.csproj]

├ëCHEC de la build.

C:\Program Files\dotnet\sdk\8.0.418\Microsoft.Common.CurrentVersion.targets(5034,5): warning MSB3026: Impossible de copier "C:\Users\aminc\.gemini\antigravity\scratch\quran-school-saas\backend\src\QuranSchool.Domain\bin\Debug\net8.0\QuranSchool.Domain.dll" vers "bin\Debug\net8.0\QuranSchool.Domain.dll". Nouvelle tentative de l'op├⌐ration 1 dans 1000┬áms. The process cannot access the file 'C:\Users\aminc\.gemini\antigravity\scratch\quran-school-saas\backend\src\QuranSchool.API\bin\Debug\net8.0\QuranSchool.Domain.dll' because it is being used by another process. Le fichier est verrouill├⌐ par┬á: "QuranSchool.API (32360)" [C:\Users\aminc\.gemini\antigravity\scratch\quran-school-saas\backend\src\QuranSchool.API\QuranSchool.API.csproj]
C:\Program Files\dotnet\sdk\8.0.418\Microsoft.Common.CurrentVersion.targets(5034,5): warning MSB3026: Impossible de copier "C:\Users\aminc\.gemini\antigravity\scratch\quran-school-saas\backend\src\QuranSchool.Infrastructure\bin\Debug\net8.0\QuranSchool.Infrastructure.dll" vers "bin\Debug\net8.0\QuranSchool.Infrastructure.dll". Nouvelle tentative de l'op├⌐ration 1 dans 1000┬áms. The process cannot access the file 'C:\Users\aminc\.gemini\antigravity\scratch\quran-school-saas\backend\src\QuranSchool.API\bin\Debug\net8.0\QuranSchool.Infrastructure.dll' because it is being used by another process. Le fichier est verrouill├⌐ par┬á: "QuranSchool.API (32360)" [C:\Users\aminc\.gemini\antigravity\scratch\quran-school-saas\backend\src\QuranSchool.API\QuranSchool.API.csproj]
C:\Program Files\dotnet\sdk\8.0.418\Microsoft.Common.CurrentVersion.targets(5034,5): warning MSB3026: Impossible de copier "C:\Users\aminc\.gemini\antigravity\scratch\quran-school-saas\backend\src\QuranSchool.Application\bin\Debug\net8.0\QuranSchool.Application.dll" vers "bin\Debug\net8.0\QuranSchool.Application.dll". Nouvelle tentative de l'op├⌐ration 1 dans 1000┬áms. The process cannot access the file 'C:\Users\aminc\.gemini\antigravity\scratch\quran-school-saas\backend\src\QuranSchool.API\bin\Debug\net8.0\QuranSchool.Application.dll' because it is being used by another process. Le fichier est verrouill├⌐ par┬á: "QuranSchool.API (32360)" [C:\Users\aminc\.gemini\antigravity\scratch\quran-school-saas\backend\src\QuranSchool.API\QuranSchool.API.csproj]
C:\Program Files\dotnet\sdk\8.0.418\Microsoft.Common.CurrentVersion.targets(5034,5): warning MSB3026: Impossible de copier "C:\Users\aminc\.gemini\antigravity\scratch\quran-school-saas\backend\src\QuranSchool.Domain\bin\Debug\net8.0\QuranSchool.Domain.dll" vers "bin\Debug\net8.0\QuranSchool.Domain.dll". Nouvelle tentative de l'op├⌐ration 2 dans 1000┬áms. The process cannot access the file 'C:\Users\aminc\.gemini\antigravity\scratch\quran-school-saas\backend\src\QuranSchool.API\bin\Debug\net8.0\QuranSchool.Domain.dll' because it is being used by another process. Le fichier est verrouill├⌐ par┬á: "QuranSchool.API (32360)" [C:\Users\aminc\.gemini\antigravity\scratch\quran-school-saas\backend\src\QuranSchool.API\QuranSchool.API.csproj]
C:\Program Files\dotnet\sdk\8.0.418\Microsoft.Common.CurrentVersion.targets(5034,5): warning MSB3026: Impossible de copier "C:\Users\aminc\.gemini\antigravity\scratch\quran-school-saas\backend\src\QuranSchool.Infrastructure\bin\Debug\net8.0\QuranSchool.Infrastructure.dll" vers "bin\Debug\net8.0\QuranSchool.Infrastructure.dll". Nouvelle tentative de l'op├⌐ration 2 dans 1000┬áms. The process cannot access the file 'C:\Users\aminc\.gemini\antigravity\scratch\quran-school-saas\backend\src\QuranSchool.API\bin\Debug\net8.0\QuranSchool.Infrastructure.dll' because it is being used by another process. Le fichier est verrouill├⌐ par┬á: "QuranSchool.API (32360)" [C:\Users\aminc\.gemini\antigravity\scratch\quran-school-saas\backend\src\QuranSchool.API\QuranSchool.API.csproj]
C:\Program Files\dotnet\sdk\8.0.418\Microsoft.Common.CurrentVersion.targets(5034,5): warning MSB3026: Impossible de copier "C:\Users\aminc\.gemini\antigravity\scratch\quran-school-saas\backend\src\QuranSchool.Application\bin\Debug\net8.0\QuranSchool.Application.dll" vers "bin\Debug\net8.0\QuranSchool.Application.dll". Nouvelle tentative de l'op├⌐ration 2 dans 1000┬áms. The process cannot access the file 'C:\Users\aminc\.gemini\antigravity\scratch\quran-school-saas\backend\src\QuranSchool.API\bin\Debug\net8.0\QuranSchool.Application.dll' because it is being used by another process. Le fichier est verrouill├⌐ par┬á: "QuranSchool.API (32360)" [C:\Users\aminc\.gemini\antigravity\scratch\quran-school-saas\backend\src\QuranSchool.API\QuranSchool.API.csproj]
C:\Program Files\dotnet\sdk\8.0.418\Microsoft.Common.CurrentVersion.targets(5034,5): warning MSB3026: Impossible de copier "C:\Users\aminc\.gemini\antigravity\scratch\quran-school-saas\backend\src\QuranSchool.Domain\bin\Debug\net8.0\QuranSchool.Domain.dll" vers "bin\Debug\net8.0\QuranSchool.Domain.dll". Nouvelle tentative de l'op├⌐ration 3 dans 1000┬áms. The process cannot access the file 'C:\Users\aminc\.gemini\antigravity\scratch\quran-school-saas\backend\src\QuranSchool.API\bin\Debug\net8.0\QuranSchool.Domain.dll' because it is being used by another process. Le fichier est verrouill├⌐ par┬á: "QuranSchool.API (32360)" [C:\Users\aminc\.gemini\antigravity\scratch\quran-school-saas\backend\src\QuranSchool.API\QuranSchool.API.csproj]
C:\Program Files\dotnet\sdk\8.0.418\Microsoft.Common.CurrentVersion.targets(5034,5): warning MSB3026: Impossible de copier "C:\Users\aminc\.gemini\antigravity\scratch\quran-school-saas\backend\src\QuranSchool.Infrastructure\bin\Debug\net8.0\QuranSchool.Infrastructure.dll" vers "bin\Debug\net8.0\QuranSchool.Infrastructure.dll". Nouvelle tentative de l'op├⌐ration 3 dans 1000┬áms. The process cannot access the file 'C:\Users\aminc\.gemini\antigravity\scratch\quran-school-saas\backend\src\QuranSchool.API\bin\Debug\net8.0\QuranSchool.Infrastructure.dll' because it is being used by another process. Le fichier est verrouill├⌐ par┬á: "QuranSchool.API (32360)" [C:\Users\aminc\.gemini\antigravity\scratch\quran-school-saas\backend\src\QuranSchool.API\QuranSchool.API.csproj]
C:\Program Files\dotnet\sdk\8.0.418\Microsoft.Common.CurrentVersion.targets(5034,5): warning MSB3026: Impossible de copier "C:\Users\aminc\.gemini\antigravity\scratch\quran-school-saas\backend\src\QuranSchool.Application\bin\Debug\net8.0\QuranSchool.Application.dll" vers "bin\Debug\net8.0\QuranSchool.Application.dll". Nouvelle tentative de l'op├⌐ration 3 dans 1000┬áms. The process cannot access the file 'C:\Users\aminc\.gemini\antigravity\scratch\quran-school-saas\backend\src\QuranSchool.API\bin\Debug\net8.0\QuranSchool.Application.dll' because it is being used by another process. Le fichier est verrouill├⌐ par┬á: "QuranSchool.API (32360)" [C:\Users\aminc\.gemini\antigravity\scratch\quran-school-saas\backend\src\QuranSchool.API\QuranSchool.API.csproj]
C:\Program Files\dotnet\sdk\8.0.418\Microsoft.Common.CurrentVersion.targets(5034,5): warning MSB3026: Impossible de copier "C:\Users\aminc\.gemini\antigravity\scratch\quran-school-saas\backend\src\QuranSchool.Domain\bin\Debug\net8.0\QuranSchool.Domain.dll" vers "bin\Debug\net8.0\QuranSchool.Domain.dll". Nouvelle tentative de l'op├⌐ration 4 dans 1000┬áms. The process cannot access the file 'C:\Users\aminc\.gemini\antigravity\scratch\quran-school-saas\backend\src\QuranSchool.API\bin\Debug\net8.0\QuranSchool.Domain.dll' because it is being used by another process. Le fichier est verrouill├⌐ par┬á: "QuranSchool.API (32360)" [C:\Users\aminc\.gemini\antigravity\scratch\quran-school-saas\backend\src\QuranSchool.API\QuranSchool.API.csproj]
C:\Program Files\dotnet\sdk\8.0.418\Microsoft.Common.CurrentVersion.targets(5034,5): warning MSB3026: Impossible de copier "C:\Users\aminc\.gemini\antigravity\scratch\quran-school-saas\backend\src\QuranSchool.Infrastructure\bin\Debug\net8.0\QuranSchool.Infrastructure.dll" vers "bin\Debug\net8.0\QuranSchool.Infrastructure.dll". Nouvelle tentative de l'op├⌐ration 4 dans 1000┬áms. The process cannot access the file 'C:\Users\aminc\.gemini\antigravity\scratch\quran-school-saas\backend\src\QuranSchool.API\bin\Debug\net8.0\QuranSchool.Infrastructure.dll' because it is being used by another process. Le fichier est verrouill├⌐ par┬á: "QuranSchool.API (32360)" [C:\Users\aminc\.gemini\antigravity\scratch\quran-school-saas\backend\src\QuranSchool.API\QuranSchool.API.csproj]
C:\Program Files\dotnet\sdk\8.0.418\Microsoft.Common.CurrentVersion.targets(5034,5): warning MSB3026: Impossible de copier "C:\Users\aminc\.gemini\antigravity\scratch\quran-school-saas\backend\src\QuranSchool.Application\bin\Debug\net8.0\QuranSchool.Application.dll" vers "bin\Debug\net8.0\QuranSchool.Application.dll". Nouvelle tentative de l'op├⌐ration 4 dans 1000┬áms. The process cannot access the file 'C:\Users\aminc\.gemini\antigravity\scratch\quran-school-saas\backend\src\QuranSchool.API\bin\Debug\net8.0\QuranSchool.Application.dll' because it is being used by another process. Le fichier est verrouill├⌐ par┬á: "QuranSchool.API (32360)" [C:\Users\aminc\.gemini\antigravity\scratch\quran-school-saas\backend\src\QuranSchool.API\QuranSchool.API.csproj]
C:\Program Files\dotnet\sdk\8.0.418\Microsoft.Common.CurrentVersion.targets(5034,5): warning MSB3026: Impossible de copier "C:\Users\aminc\.gemini\antigravity\scratch\quran-school-saas\backend\src\QuranSchool.Domain\bin\Debug\net8.0\QuranSchool.Domain.dll" vers "bin\Debug\net8.0\QuranSchool.Domain.dll". Nouvelle tentative de l'op├⌐ration 5 dans 1000┬áms. The process cannot access the file 'C:\Users\aminc\.gemini\antigravity\scratch\quran-school-saas\backend\src\QuranSchool.API\bin\Debug\net8.0\QuranSchool.Domain.dll' because it is being used by another process. Le fichier est verrouill├⌐ par┬á: "QuranSchool.API (32360)" [C:\Users\aminc\.gemini\antigravity\scratch\quran-school-saas\backend\src\QuranSchool.API\QuranSchool.API.csproj]
C:\Program Files\dotnet\sdk\8.0.418\Microsoft.Common.CurrentVersion.targets(5034,5): warning MSB3026: Impossible de copier "C:\Users\aminc\.gemini\antigravity\scratch\quran-school-saas\backend\src\QuranSchool.Infrastructure\bin\Debug\net8.0\QuranSchool.Infrastructure.dll" vers "bin\Debug\net8.0\QuranSchool.Infrastructure.dll". Nouvelle tentative de l'op├⌐ration 5 dans 1000┬áms. The process cannot access the file 'C:\Users\aminc\.gemini\antigravity\scratch\quran-school-saas\backend\src\QuranSchool.API\bin\Debug\net8.0\QuranSchool.Infrastructure.dll' because it is being used by another process. Le fichier est verrouill├⌐ par┬á: "QuranSchool.API (32360)" [C:\Users\aminc\.gemini\antigravity\scratch\quran-school-saas\backend\src\QuranSchool.API\QuranSchool.API.csproj]
C:\Program Files\dotnet\sdk\8.0.418\Microsoft.Common.CurrentVersion.targets(5034,5): warning MSB3026: Impossible de copier "C:\Users\aminc\.gemini\antigravity\scratch\quran-school-saas\backend\src\QuranSchool.Application\bin\Debug\net8.0\QuranSchool.Application.dll" vers "bin\Debug\net8.0\QuranSchool.Application.dll". Nouvelle tentative de l'op├⌐ration 5 dans 1000┬áms. The process cannot access the file 'C:\Users\aminc\.gemini\antigravity\scratch\quran-school-saas\backend\src\QuranSchool.API\bin\Debug\net8.0\QuranSchool.Application.dll' because it is being used by another process. Le fichier est verrouill├⌐ par┬á: "QuranSchool.API (32360)" [C:\Users\aminc\.gemini\antigravity\scratch\quran-school-saas\backend\src\QuranSchool.API\QuranSchool.API.csproj]
C:\Program Files\dotnet\sdk\8.0.418\Microsoft.Common.CurrentVersion.targets(5034,5): warning MSB3026: Impossible de copier "C:\Users\aminc\.gemini\antigravity\scratch\quran-school-saas\backend\src\QuranSchool.Domain\bin\Debug\net8.0\QuranSchool.Domain.dll" vers "bin\Debug\net8.0\QuranSchool.Domain.dll". Nouvelle tentative de l'op├⌐ration 6 dans 1000┬áms. The process cannot access the file 'C:\Users\aminc\.gemini\antigravity\scratch\quran-school-saas\backend\src\QuranSchool.API\bin\Debug\net8.0\QuranSchool.Domain.dll' because it is being used by another process. Le fichier est verrouill├⌐ par┬á: "QuranSchool.API (32360)" [C:\Users\aminc\.gemini\antigravity\scratch\quran-school-saas\backend\src\QuranSchool.API\QuranSchool.API.csproj]
C:\Program Files\dotnet\sdk\8.0.418\Microsoft.Common.CurrentVersion.targets(5034,5): warning MSB3026: Impossible de copier "C:\Users\aminc\.gemini\antigravity\scratch\quran-school-saas\backend\src\QuranSchool.Infrastructure\bin\Debug\net8.0\QuranSchool.Infrastructure.dll" vers "bin\Debug\net8.0\QuranSchool.Infrastructure.dll". Nouvelle tentative de l'op├⌐ration 6 dans 1000┬áms. The process cannot access the file 'C:\Users\aminc\.gemini\antigravity\scratch\quran-school-saas\backend\src\QuranSchool.API\bin\Debug\net8.0\QuranSchool.Infrastructure.dll' because it is being used by another process. Le fichier est verrouill├⌐ par┬á: "QuranSchool.API (32360)" [C:\Users\aminc\.gemini\antigravity\scratch\quran-school-saas\backend\src\QuranSchool.API\QuranSchool.API.csproj]
C:\Program Files\dotnet\sdk\8.0.418\Microsoft.Common.CurrentVersion.targets(5034,5): warning MSB3026: Impossible de copier "C:\Users\aminc\.gemini\antigravity\scratch\quran-school-saas\backend\src\QuranSchool.Application\bin\Debug\net8.0\QuranSchool.Application.dll" vers "bin\Debug\net8.0\QuranSchool.Application.dll". Nouvelle tentative de l'op├⌐ration 6 dans 1000┬áms. The process cannot access the file 'C:\Users\aminc\.gemini\antigravity\scratch\quran-school-saas\backend\src\QuranSchool.API\bin\Debug\net8.0\QuranSchool.Application.dll' because it is being used by another process. Le fichier est verrouill├⌐ par┬á: "QuranSchool.API (32360)" [C:\Users\aminc\.gemini\antigravity\scratch\quran-school-saas\backend\src\QuranSchool.API\QuranSchool.API.csproj]
C:\Program Files\dotnet\sdk\8.0.418\Microsoft.Common.CurrentVersion.targets(5034,5): warning MSB3026: Impossible de copier "C:\Users\aminc\.gemini\antigravity\scratch\quran-school-saas\backend\src\QuranSchool.Domain\bin\Debug\net8.0\QuranSchool.Domain.dll" vers "bin\Debug\net8.0\QuranSchool.Domain.dll". Nouvelle tentative de l'op├⌐ration 7 dans 1000┬áms. The process cannot access the file 'C:\Users\aminc\.gemini\antigravity\scratch\quran-school-saas\backend\src\QuranSchool.API\bin\Debug\net8.0\QuranSchool.Domain.dll' because it is being used by another process. Le fichier est verrouill├⌐ par┬á: "QuranSchool.API (32360)" [C:\Users\aminc\.gemini\antigravity\scratch\quran-school-saas\backend\src\QuranSchool.API\QuranSchool.API.csproj]
C:\Program Files\dotnet\sdk\8.0.418\Microsoft.Common.CurrentVersion.targets(5034,5): warning MSB3026: Impossible de copier "C:\Users\aminc\.gemini\antigravity\scratch\quran-school-saas\backend\src\QuranSchool.Infrastructure\bin\Debug\net8.0\QuranSchool.Infrastructure.dll" vers "bin\Debug\net8.0\QuranSchool.Infrastructure.dll". Nouvelle tentative de l'op├⌐ration 7 dans 1000┬áms. The process cannot access the file 'C:\Users\aminc\.gemini\antigravity\scratch\quran-school-saas\backend\src\QuranSchool.API\bin\Debug\net8.0\QuranSchool.Infrastructure.dll' because it is being used by another process. Le fichier est verrouill├⌐ par┬á: "QuranSchool.API (32360)" [C:\Users\aminc\.gemini\antigravity\scratch\quran-school-saas\backend\src\QuranSchool.API\QuranSchool.API.csproj]
C:\Program Files\dotnet\sdk\8.0.418\Microsoft.Common.CurrentVersion.targets(5034,5): warning MSB3026: Impossible de copier "C:\Users\aminc\.gemini\antigravity\scratch\quran-school-saas\backend\src\QuranSchool.Application\bin\Debug\net8.0\QuranSchool.Application.dll" vers "bin\Debug\net8.0\QuranSchool.Application.dll". Nouvelle tentative de l'op├⌐ration 7 dans 1000┬áms. The process cannot access the file 'C:\Users\aminc\.gemini\antigravity\scratch\quran-school-saas\backend\src\QuranSchool.API\bin\Debug\net8.0\QuranSchool.Application.dll' because it is being used by another process. Le fichier est verrouill├⌐ par┬á: "QuranSchool.API (32360)" [C:\Users\aminc\.gemini\antigravity\scratch\quran-school-saas\backend\src\QuranSchool.API\QuranSchool.API.csproj]
C:\Program Files\dotnet\sdk\8.0.418\Microsoft.Common.CurrentVersion.targets(5034,5): warning MSB3026: Impossible de copier "C:\Users\aminc\.gemini\antigravity\scratch\quran-school-saas\backend\src\QuranSchool.Domain\bin\Debug\net8.0\QuranSchool.Domain.dll" vers "bin\Debug\net8.0\QuranSchool.Domain.dll". Nouvelle tentative de l'op├⌐ration 8 dans 1000┬áms. The process cannot access the file 'C:\Users\aminc\.gemini\antigravity\scratch\quran-school-saas\backend\src\QuranSchool.API\bin\Debug\net8.0\QuranSchool.Domain.dll' because it is being used by another process. Le fichier est verrouill├⌐ par┬á: "QuranSchool.API (32360)" [C:\Users\aminc\.gemini\antigravity\scratch\quran-school-saas\backend\src\QuranSchool.API\QuranSchool.API.csproj]
C:\Program Files\dotnet\sdk\8.0.418\Microsoft.Common.CurrentVersion.targets(5034,5): warning MSB3026: Impossible de copier "C:\Users\aminc\.gemini\antigravity\scratch\quran-school-saas\backend\src\QuranSchool.Infrastructure\bin\Debug\net8.0\QuranSchool.Infrastructure.dll" vers "bin\Debug\net8.0\QuranSchool.Infrastructure.dll". Nouvelle tentative de l'op├⌐ration 8 dans 1000┬áms. The process cannot access the file 'C:\Users\aminc\.gemini\antigravity\scratch\quran-school-saas\backend\src\QuranSchool.API\bin\Debug\net8.0\QuranSchool.Infrastructure.dll' because it is being used by another process. Le fichier est verrouill├⌐ par┬á: "QuranSchool.API (32360)" [C:\Users\aminc\.gemini\antigravity\scratch\quran-school-saas\backend\src\QuranSchool.API\QuranSchool.API.csproj]
C:\Program Files\dotnet\sdk\8.0.418\Microsoft.Common.CurrentVersion.targets(5034,5): warning MSB3026: Impossible de copier "C:\Users\aminc\.gemini\antigravity\scratch\quran-school-saas\backend\src\QuranSchool.Application\bin\Debug\net8.0\QuranSchool.Application.dll" vers "bin\Debug\net8.0\QuranSchool.Application.dll". Nouvelle tentative de l'op├⌐ration 8 dans 1000┬áms. The process cannot access the file 'C:\Users\aminc\.gemini\antigravity\scratch\quran-school-saas\backend\src\QuranSchool.API\bin\Debug\net8.0\QuranSchool.Application.dll' because it is being used by another process. Le fichier est verrouill├⌐ par┬á: "QuranSchool.API (32360)" [C:\Users\aminc\.gemini\antigravity\scratch\quran-school-saas\backend\src\QuranSchool.API\QuranSchool.API.csproj]
C:\Program Files\dotnet\sdk\8.0.418\Microsoft.Common.CurrentVersion.targets(5034,5): warning MSB3026: Impossible de copier "C:\Users\aminc\.gemini\antigravity\scratch\quran-school-saas\backend\src\QuranSchool.Domain\bin\Debug\net8.0\QuranSchool.Domain.dll" vers "bin\Debug\net8.0\QuranSchool.Domain.dll". Nouvelle tentative de l'op├⌐ration 9 dans 1000┬áms. The process cannot access the file 'C:\Users\aminc\.gemini\antigravity\scratch\quran-school-saas\backend\src\QuranSchool.API\bin\Debug\net8.0\QuranSchool.Domain.dll' because it is being used by another process. Le fichier est verrouill├⌐ par┬á: "QuranSchool.API (32360)" [C:\Users\aminc\.gemini\antigravity\scratch\quran-school-saas\backend\src\QuranSchool.API\QuranSchool.API.csproj]
C:\Program Files\dotnet\sdk\8.0.418\Microsoft.Common.CurrentVersion.targets(5034,5): warning MSB3026: Impossible de copier "C:\Users\aminc\.gemini\antigravity\scratch\quran-school-saas\backend\src\QuranSchool.Infrastructure\bin\Debug\net8.0\QuranSchool.Infrastructure.dll" vers "bin\Debug\net8.0\QuranSchool.Infrastructure.dll". Nouvelle tentative de l'op├⌐ration 9 dans 1000┬áms. The process cannot access the file 'C:\Users\aminc\.gemini\antigravity\scratch\quran-school-saas\backend\src\QuranSchool.API\bin\Debug\net8.0\QuranSchool.Infrastructure.dll' because it is being used by another process. Le fichier est verrouill├⌐ par┬á: "QuranSchool.API (32360)" [C:\Users\aminc\.gemini\antigravity\scratch\quran-school-saas\backend\src\QuranSchool.API\QuranSchool.API.csproj]
C:\Program Files\dotnet\sdk\8.0.418\Microsoft.Common.CurrentVersion.targets(5034,5): warning MSB3026: Impossible de copier "C:\Users\aminc\.gemini\antigravity\scratch\quran-school-saas\backend\src\QuranSchool.Application\bin\Debug\net8.0\QuranSchool.Application.dll" vers "bin\Debug\net8.0\QuranSchool.Application.dll". Nouvelle tentative de l'op├⌐ration 9 dans 1000┬áms. The process cannot access the file 'C:\Users\aminc\.gemini\antigravity\scratch\quran-school-saas\backend\src\QuranSchool.API\bin\Debug\net8.0\QuranSchool.Application.dll' because it is being used by another process. Le fichier est verrouill├⌐ par┬á: "QuranSchool.API (32360)" [C:\Users\aminc\.gemini\antigravity\scratch\quran-school-saas\backend\src\QuranSchool.API\QuranSchool.API.csproj]
C:\Program Files\dotnet\sdk\8.0.418\Microsoft.Common.CurrentVersion.targets(5034,5): warning MSB3026: Impossible de copier "C:\Users\aminc\.gemini\antigravity\scratch\quran-school-saas\backend\src\QuranSchool.Domain\bin\Debug\net8.0\QuranSchool.Domain.dll" vers "bin\Debug\net8.0\QuranSchool.Domain.dll". Nouvelle tentative de l'op├⌐ration 10 dans 1000┬áms. The process cannot access the file 'C:\Users\aminc\.gemini\antigravity\scratch\quran-school-saas\backend\src\QuranSchool.API\bin\Debug\net8.0\QuranSchool.Domain.dll' because it is being used by another process. Le fichier est verrouill├⌐ par┬á: "QuranSchool.API (32360)" [C:\Users\aminc\.gemini\antigravity\scratch\quran-school-saas\backend\src\QuranSchool.API\QuranSchool.API.csproj]
C:\Program Files\dotnet\sdk\8.0.418\Microsoft.Common.CurrentVersion.targets(5034,5): warning MSB3026: Impossible de copier "C:\Users\aminc\.gemini\antigravity\scratch\quran-school-saas\backend\src\QuranSchool.Infrastructure\bin\Debug\net8.0\QuranSchool.Infrastructure.dll" vers "bin\Debug\net8.0\QuranSchool.Infrastructure.dll". Nouvelle tentative de l'op├⌐ration 10 dans 1000┬áms. The process cannot access the file 'C:\Users\aminc\.gemini\antigravity\scratch\quran-school-saas\backend\src\QuranSchool.API\bin\Debug\net8.0\QuranSchool.Infrastructure.dll' because it is being used by another process. Le fichier est verrouill├⌐ par┬á: "QuranSchool.API (32360)" [C:\Users\aminc\.gemini\antigravity\scratch\quran-school-saas\backend\src\QuranSchool.API\QuranSchool.API.csproj]
C:\Program Files\dotnet\sdk\8.0.418\Microsoft.Common.CurrentVersion.targets(5034,5): warning MSB3026: Impossible de copier "C:\Users\aminc\.gemini\antigravity\scratch\quran-school-saas\backend\src\QuranSchool.Application\bin\Debug\net8.0\QuranSchool.Application.dll" vers "bin\Debug\net8.0\QuranSchool.Application.dll". Nouvelle tentative de l'op├⌐ration 10 dans 1000┬áms. The process cannot access the file 'C:\Users\aminc\.gemini\antigravity\scratch\quran-school-saas\backend\src\QuranSchool.API\bin\Debug\net8.0\QuranSchool.Application.dll' because it is being used by another process. Le fichier est verrouill├⌐ par┬á: "QuranSchool.API (32360)" [C:\Users\aminc\.gemini\antigravity\scratch\quran-school-saas\backend\src\QuranSchool.API\QuranSchool.API.csproj]
C:\Program Files\dotnet\sdk\8.0.418\Microsoft.Common.CurrentVersion.targets(5034,5): error MSB3027: Impossible de copier "C:\Users\aminc\.gemini\antigravity\scratch\quran-school-saas\backend\src\QuranSchool.Domain\bin\Debug\net8.0\QuranSchool.Domain.dll" vers "bin\Debug\net8.0\QuranSchool.Domain.dll". D├⌐passement du nombre maximal de nouvelles tentatives de 10. ├ëchec. Le fichier est verrouill├⌐ par┬á: "QuranSchool.API (32360)" [C:\Users\aminc\.gemini\antigravity\scratch\quran-school-saas\backend\src\QuranSchool.API\QuranSchool.API.csproj]
C:\Program Files\dotnet\sdk\8.0.418\Microsoft.Common.CurrentVersion.targets(5034,5): error MSB3021: Impossible de copier le fichier "C:\Users\aminc\.gemini\antigravity\scratch\quran-school-saas\backend\src\QuranSchool.Domain\bin\Debug\net8.0\QuranSchool.Domain.dll" vers "bin\Debug\net8.0\QuranSchool.Domain.dll". The process cannot access the file 'C:\Users\aminc\.gemini\antigravity\scratch\quran-school-saas\backend\src\QuranSchool.API\bin\Debug\net8.0\QuranSchool.Domain.dll' because it is being used by another process. [C:\Users\aminc\.gemini\antigravity\scratch\quran-school-saas\backend\src\QuranSchool.API\QuranSchool.API.csproj]
C:\Program Files\dotnet\sdk\8.0.418\Microsoft.Common.CurrentVersion.targets(5034,5): error MSB3027: Impossible de copier "C:\Users\aminc\.gemini\antigravity\scratch\quran-school-saas\backend\src\QuranSchool.Infrastructure\bin\Debug\net8.0\QuranSchool.Infrastructure.dll" vers "bin\Debug\net8.0\QuranSchool.Infrastructure.dll". D├⌐passement du nombre maximal de nouvelles tentatives de 10. ├ëchec. Le fichier est verrouill├⌐ par┬á: "QuranSchool.API (32360)" [C:\Users\aminc\.gemini\antigravity\scratch\quran-school-saas\backend\src\QuranSchool.API\QuranSchool.API.csproj]
C:\Program Files\dotnet\sdk\8.0.418\Microsoft.Common.CurrentVersion.targets(5034,5): error MSB3021: Impossible de copier le fichier "C:\Users\aminc\.gemini\antigravity\scratch\quran-school-saas\backend\src\QuranSchool.Infrastructure\bin\Debug\net8.0\QuranSchool.Infrastructure.dll" vers "bin\Debug\net8.0\QuranSchool.Infrastructure.dll". The process cannot access the file 'C:\Users\aminc\.gemini\antigravity\scratch\quran-school-saas\backend\src\QuranSchool.API\bin\Debug\net8.0\QuranSchool.Infrastructure.dll' because it is being used by another process. [C:\Users\aminc\.gemini\antigravity\scratch\quran-school-saas\backend\src\QuranSchool.API\QuranSchool.API.csproj]
C:\Program Files\dotnet\sdk\8.0.418\Microsoft.Common.CurrentVersion.targets(5034,5): error MSB3027: Impossible de copier "C:\Users\aminc\.gemini\antigravity\scratch\quran-school-saas\backend\src\QuranSchool.Application\bin\Debug\net8.0\QuranSchool.Application.dll" vers "bin\Debug\net8.0\QuranSchool.Application.dll". D├⌐passement du nombre maximal de nouvelles tentatives de 10. ├ëchec. Le fichier est verrouill├⌐ par┬á: "QuranSchool.API (32360)" [C:\Users\aminc\.gemini\antigravity\scratch\quran-school-saas\backend\src\QuranSchool.API\QuranSchool.API.csproj]
C:\Program Files\dotnet\sdk\8.0.418\Microsoft.Common.CurrentVersion.targets(5034,5): error MSB3021: Impossible de copier le fichier "C:\Users\aminc\.gemini\antigravity\scratch\quran-school-saas\backend\src\QuranSchool.Application\bin\Debug\net8.0\QuranSchool.Application.dll" vers "bin\Debug\net8.0\QuranSchool.Application.dll". The process cannot access the file 'C:\Users\aminc\.gemini\antigravity\scratch\quran-school-saas\backend\src\QuranSchool.API\bin\Debug\net8.0\QuranSchool.Application.dll' because it is being used by another process. [C:\Users\aminc\.gemini\antigravity\scratch\quran-school-saas\backend\src\QuranSchool.API\QuranSchool.API.csproj]
    30 Avertissement(s)
    6 Erreur(s)

Temps ├⌐coul├⌐ 00:00:15.24
